../Core/Src/main.c:104:6:uartError	16	static
../Core/Src/main.c:109:6:uartLog	64	static
../Core/Src/main.c:116:6:HAL_UART_RxCpltCallback	24	static
../Core/Src/main.c:200:6:HAL_GPIO_EXTI_Callback	16	static
../Core/Src/main.c:246:6:display_digit	16	static
../Core/Src/main.c:265:6:HAL_TIM_PeriodElapsedCallback	16	static
../Core/Src/main.c:324:5:main	16	static
../Core/Src/main.c:385:6:SystemClock_Config	128	static
../Core/Src/main.c:436:13:MX_I2C1_Init	8	static
../Core/Src/main.c:484:13:MX_SPI1_Init	8	static
../Core/Src/main.c:524:13:MX_TIM2_Init	40	static
../Core/Src/main.c:569:13:MX_TIM4_Init	40	static
../Core/Src/main.c:614:13:MX_USART2_UART_Init	8	static
../Core/Src/main.c:649:13:MX_USB_PCD_Init	8	static
../Core/Src/main.c:680:13:MX_GPIO_Init	56	static
../Core/Src/main.c:750:6:Error_Handler	4	static,ignoring_inline_asm
